// Vitest Snapshot v1, https://vitest.dev/guide/snapshot.html

exports[`NavMosaic > matches snapshot 1`] = `
{
  "asFragment": [Function],
  "baseElement": <body>
    <div>
      <div
        class="_root_ab33a2"
      >
        <div
          class="_card_ab33a2"
        >
          <a
            class="_root_fe3515"
            data-discover="true"
            href="/href1"
            style="--background-color: #ffbf00; --hover-color: #e5ab00; --text-color: #4c3900; --font-family: 'Quattrocento Sans', Arial, Helvetica, sans-serif;"
          >
            Link 1
          </a>
        </div>
        <div
          class="_card_ab33a2"
        >
          <a
            class="_root_fe3515"
            data-discover="true"
            href="/href2"
            style="--background-color: #e83f6f; --hover-color: #d03863; --text-color: #fff; --font-family: 'Quattrocento Sans', Arial, Helvetica, sans-serif;"
          >
            Link 2
          </a>
        </div>
        <div
          class="_card_ab33a2"
        >
          <a
            class="_root_fe3515"
            data-discover="true"
            href="/href3"
            style="--background-color: #20e2e9; --hover-color: #11cbd1; --text-color: #094345; --font-family: 'Quattrocento Sans', Arial, Helvetica, sans-serif;"
          >
            Link 3
          </a>
        </div>
        <div
          class="_card_ab33a2"
        >
          <a
            class="_root_fe3515"
            data-discover="true"
            href="/href4"
            style="--background-color: #00a323; --hover-color: #00921f; --text-color: #fff; --font-family: 'Quattrocento Sans', Arial, Helvetica, sans-serif;"
          >
            Link 4
          </a>
        </div>
        <div
          class="_card_ab33a2"
        >
          <a
            class="_root_fe3515"
            data-discover="true"
            href="/href5"
            style="--background-color: #2274a5; --hover-color: #1e6894; --text-color: #fff; --font-family: 'Quattrocento Sans', Arial, Helvetica, sans-serif;"
          >
            Link 5
          </a>
        </div>
        <div
          class="_card_ab33a2"
        >
          <a
            class="_root_fe3515"
            data-discover="true"
            href="/href6"
            style="--background-color: #d90000; --hover-color: #c00000; --text-color: #fff; --font-family: 'Quattrocento Sans', Arial, Helvetica, sans-serif;"
          >
            Link 6
          </a>
        </div>
      </div>
    </div>
  </body>,
  "container": <div>
    <div
      class="_root_ab33a2"
    >
      <div
        class="_card_ab33a2"
      >
        <a
          class="_root_fe3515"
          data-discover="true"
          href="/href1"
          style="--background-color: #ffbf00; --hover-color: #e5ab00; --text-color: #4c3900; --font-family: 'Quattrocento Sans', Arial, Helvetica, sans-serif;"
        >
          Link 1
        </a>
      </div>
      <div
        class="_card_ab33a2"
      >
        <a
          class="_root_fe3515"
          data-discover="true"
          href="/href2"
          style="--background-color: #e83f6f; --hover-color: #d03863; --text-color: #fff; --font-family: 'Quattrocento Sans', Arial, Helvetica, sans-serif;"
        >
          Link 2
        </a>
      </div>
      <div
        class="_card_ab33a2"
      >
        <a
          class="_root_fe3515"
          data-discover="true"
          href="/href3"
          style="--background-color: #20e2e9; --hover-color: #11cbd1; --text-color: #094345; --font-family: 'Quattrocento Sans', Arial, Helvetica, sans-serif;"
        >
          Link 3
        </a>
      </div>
      <div
        class="_card_ab33a2"
      >
        <a
          class="_root_fe3515"
          data-discover="true"
          href="/href4"
          style="--background-color: #00a323; --hover-color: #00921f; --text-color: #fff; --font-family: 'Quattrocento Sans', Arial, Helvetica, sans-serif;"
        >
          Link 4
        </a>
      </div>
      <div
        class="_card_ab33a2"
      >
        <a
          class="_root_fe3515"
          data-discover="true"
          href="/href5"
          style="--background-color: #2274a5; --hover-color: #1e6894; --text-color: #fff; --font-family: 'Quattrocento Sans', Arial, Helvetica, sans-serif;"
        >
          Link 5
        </a>
      </div>
      <div
        class="_card_ab33a2"
      >
        <a
          class="_root_fe3515"
          data-discover="true"
          href="/href6"
          style="--background-color: #d90000; --hover-color: #c00000; --text-color: #fff; --font-family: 'Quattrocento Sans', Arial, Helvetica, sans-serif;"
        >
          Link 6
        </a>
      </div>
    </div>
  </div>,
  "debug": [Function],
  "findAllByAltText": [Function],
  "findAllByDisplayValue": [Function],
  "findAllByLabelText": [Function],
  "findAllByPlaceholderText": [Function],
  "findAllByRole": [Function],
  "findAllByTestId": [Function],
  "findAllByText": [Function],
  "findAllByTitle": [Function],
  "findByAltText": [Function],
  "findByDisplayValue": [Function],
  "findByLabelText": [Function],
  "findByPlaceholderText": [Function],
  "findByRole": [Function],
  "findByTestId": [Function],
  "findByText": [Function],
  "findByTitle": [Function],
  "getAllByAltText": [Function],
  "getAllByDisplayValue": [Function],
  "getAllByLabelText": [Function],
  "getAllByPlaceholderText": [Function],
  "getAllByRole": [Function],
  "getAllByTestId": [Function],
  "getAllByText": [Function],
  "getAllByTitle": [Function],
  "getByAltText": [Function],
  "getByDisplayValue": [Function],
  "getByLabelText": [Function],
  "getByPlaceholderText": [Function],
  "getByRole": [Function],
  "getByTestId": [Function],
  "getByText": [Function],
  "getByTitle": [Function],
  "queryAllByAltText": [Function],
  "queryAllByDisplayValue": [Function],
  "queryAllByLabelText": [Function],
  "queryAllByPlaceholderText": [Function],
  "queryAllByRole": [Function],
  "queryAllByTestId": [Function],
  "queryAllByText": [Function],
  "queryAllByTitle": [Function],
  "queryByAltText": [Function],
  "queryByDisplayValue": [Function],
  "queryByLabelText": [Function],
  "queryByPlaceholderText": [Function],
  "queryByRole": [Function],
  "queryByTestId": [Function],
  "queryByText": [Function],
  "queryByTitle": [Function],
  "rerender": [Function],
  "unmount": [Function],
}
`;
